// Jest Snapshot v1, https://goo.gl/fbAQLP

exports[`<Tabs /> should match the snapshot 1`] = `
ShallowWrapper {
  Symbol(enzyme.__root__): [Circular],
  Symbol(enzyme.__unrendered__): <Tabs
    tabs={
      Array [
        "Tab1",
        "Tab2",
      ]
    }
  >
    <div>
      Tab1
    </div>
    <div>
      Tab2
    </div>
  </Tabs>,
  Symbol(enzyme.__renderer__): Object {
    "batchedUpdates": [Function],
    "getNode": [Function],
    "render": [Function],
    "simulateError": [Function],
    "simulateEvent": [Function],
    "unmount": [Function],
  },
  Symbol(enzyme.__node__): Object {
    "instance": null,
    "key": undefined,
    "nodeType": "host",
    "props": Object {
      "children": Array [
        <nav>
          <TabList
            handleTabChange={[Function]}
            selectedTabIndex={0}
            tabs={
              Array [
                "Tab1",
                "Tab2",
              ]
            }
          />
        </nav>,
        <div
          className="content_1rece6a"
        >
          <div>
            Tab1
          </div>
        </div>,
      ],
    },
    "ref": null,
    "rendered": Array [
      Object {
        "instance": null,
        "key": undefined,
        "nodeType": "host",
        "props": Object {
          "children": <TabList
            handleTabChange={[Function]}
            selectedTabIndex={0}
            tabs={
              Array [
                "Tab1",
                "Tab2",
              ]
            }
          />,
        },
        "ref": null,
        "rendered": Object {
          "instance": null,
          "key": undefined,
          "nodeType": "function",
          "props": Object {
            "handleTabChange": [Function],
            "selectedTabIndex": 0,
            "tabs": Array [
              "Tab1",
              "Tab2",
            ],
          },
          "ref": null,
          "rendered": null,
          "type": [Function],
        },
        "type": "nav",
      },
      Object {
        "instance": null,
        "key": undefined,
        "nodeType": "host",
        "props": Object {
          "children": <div>
            Tab1
          </div>,
          "className": "content_1rece6a",
        },
        "ref": null,
        "rendered": Object {
          "instance": null,
          "key": undefined,
          "nodeType": "host",
          "props": Object {
            "children": "Tab1",
          },
          "ref": null,
          "rendered": "Tab1",
          "type": "div",
        },
        "type": "div",
      },
    ],
    "type": "div",
  },
  Symbol(enzyme.__nodes__): Array [
    Object {
      "instance": null,
      "key": undefined,
      "nodeType": "host",
      "props": Object {
        "children": Array [
          <nav>
            <TabList
              handleTabChange={[Function]}
              selectedTabIndex={0}
              tabs={
                Array [
                  "Tab1",
                  "Tab2",
                ]
              }
            />
          </nav>,
          <div
            className="content_1rece6a"
          >
            <div>
              Tab1
            </div>
          </div>,
        ],
      },
      "ref": null,
      "rendered": Array [
        Object {
          "instance": null,
          "key": undefined,
          "nodeType": "host",
          "props": Object {
            "children": <TabList
              handleTabChange={[Function]}
              selectedTabIndex={0}
              tabs={
                Array [
                  "Tab1",
                  "Tab2",
                ]
              }
            />,
          },
          "ref": null,
          "rendered": Object {
            "instance": null,
            "key": undefined,
            "nodeType": "function",
            "props": Object {
              "handleTabChange": [Function],
              "selectedTabIndex": 0,
              "tabs": Array [
                "Tab1",
                "Tab2",
              ],
            },
            "ref": null,
            "rendered": null,
            "type": [Function],
          },
          "type": "nav",
        },
        Object {
          "instance": null,
          "key": undefined,
          "nodeType": "host",
          "props": Object {
            "children": <div>
              Tab1
            </div>,
            "className": "content_1rece6a",
          },
          "ref": null,
          "rendered": Object {
            "instance": null,
            "key": undefined,
            "nodeType": "host",
            "props": Object {
              "children": "Tab1",
            },
            "ref": null,
            "rendered": "Tab1",
            "type": "div",
          },
          "type": "div",
        },
      ],
      "type": "div",
    },
  ],
  Symbol(enzyme.__options__): Object {
    "adapter": ReactSixteenAdapter {
      "options": Object {
        "enableComponentDidUpdateOnSetState": true,
        "lifecycles": Object {
          "componentDidUpdate": Object {
            "onSetState": true,
          },
          "getDerivedStateFromProps": true,
          "getSnapshotBeforeUpdate": true,
          "setState": Object {
            "skipsComponentDidUpdateOnNullish": true,
          },
        },
      },
    },
  },
}
`;
